// Jest Snapshot v1, https://goo.gl/fbAQLP

exports[`ContactComponents information test 1`] = `
Array [
  <p
    className="Contact__content__skype"
  >
    skype:
    <a
      className="skype"
      href="skype:Test"
    >
      Test
    </a>
  </p>,
  <p
    className="Contact__content__telegram"
  >
    telegram:
    <a
      className="telegram"
      href="https://telegram.me/holykilla"
      rel="noopener noreferrer"
      target="_blank"
    >
      Test
    </a>
  </p>,
  <a
    className="Contact__content__tel"
    href="tel:+222222222222"
  >
    +22 (222) 222 22 22
  </a>,
  <p
    className="Contact__content__country"
  >
    Минск, Беларусь.
  </p>,
]
`;
